// Jest Snapshot v1, https://goo.gl/fbAQLP

exports[`<Header  /> should match snapshot 1`] = `
.c0 {
  top: 0;
  right: 0;
  left: 300px;
  height: 80px;
  background: #ffffff;
  box-shadow: 1px 1px 10px 2px rgb(0 0 0 / 20%);
}

.c1 {
  padding: 10px;
  height: 40px;
  width: 40px;
  cursor: pointer;
}

.c1 img {
  height: 100%;
  width: 100%;
}

<div
  class="c0 position-fixed d-flex align-items-center justify-content-end p-3"
>
  <div
    class="c1"
  >
    <img
      alt="help"
      src="information.svg"
    />
  </div>
  <div
    class="c1"
  >
    <img
      alt="notification"
      src="bell.svg"
    />
  </div>
  <div
    class="c1"
  >
    <img
      alt="chat"
      src="chat.svg"
    />
  </div>
  <div
    class="c1"
  >
    <img
      alt="username"
      src="user.svg"
    />
  </div>
</div>
`;
