// Jest Snapshot v1, https://goo.gl/fbAQLP

exports[`<App /> should render and match the snapshot 1`] = `
<ThemeProvider
  theme={
    Object {
      "colors": Object {
        "primaryBlue": "#000852",
        "white": "#ffffff",
      },
      "fontSizes": Object {
        "body": "1rem",
        "h1": "3rem",
        "h2": "2.29rem",
        "h3": "2rem",
        "h4": "1.71rem",
        "h5": "1.43rem",
        "h6": "1.14rem",
        "small": "0.86rem",
      },
      "fontWeights": Object {
        "bold": 700,
        "medium": 500,
        "regular": 400,
        "semiBold": 600,
      },
      "lineHeights": Object {
        "body": "1.43rem",
        "h1": "3.42rem",
        "h2": "2.86rem",
        "h3": "2.57rem",
        "h4": "2.29rem",
        "h5": "2rem",
        "h6": "1.71rem",
        "small": "1.29rem",
      },
    }
  }
>
  <BrowserRouter>
    <Helmet
      defaultTitle="React Boilerplate"
      defer={true}
      encodeSpecialCharacters={true}
      htmlAttributes={
        Object {
          "lang": undefined,
        }
      }
      titleTemplate="%s - React Boilerplate"
    >
      <meta
        content="A React Boilerplate application"
        name="description"
      />
    </Helmet>
    <LeftMenuBar />
    <app__PageContent
      className="min-vh-100"
    >
      <Switch>
        <Route
          component={[Function]}
          exact={true}
          path="/"
        />
        <Route
          component={[Function]}
          exact={true}
          path="/users"
        />
        <Route
          component={[Function]}
        />
      </Switch>
    </app__PageContent>
    <Memo(GlobalStyleComponent) />
  </BrowserRouter>
</ThemeProvider>
`;
